[godrej-plots.in/index.html]
[backblue.gif]
[fade.gif]
[index.html]
[godrej-plots.in/images/favicon.ico]
[godrej-plots.in/css/bootstrap.min.css]
[godrej-plots.in/css/app.css]
[godrej-plots.in/css/animate.css]
[godrej-plots.in/js/fancybox-n/jquery.fancybox.min.css]
[godrej-plots.in/index-2.html]
[godrej-plots.in/images/logo.png]
[godrej-plots.in/images/b-logo.jpg]
[godrej-plots.in/images/bg-image.jpg]
[godrej-plots.in/images/h1.png]
[godrej-plots.in/images/h2.png]
[godrej-plots.in/images/h3.png]
[godrej-plots.in/images/h4.png]
[godrej-plots.in/images/h5.png]
[godrej-plots.in/images/h6.png]
[godrej-plots.in/images/h7.png]
[godrej-plots.in/images/h8.png]
[godrej-plots.in/images/h9.png]
[godrej-plots.in/images/h10.png]
[godrej-plots.in/images/h11.png]
[godrej-plots.in/images/h12.png]
[godrej-plots.in/images/inner-page.jpg]
[godrej-plots.in/images/masterplan.jpg]
[godrej-plots.in/images/costing-details.jpg]
[godrej-plots.in/images/video-gate.jpg]
[godrej-plots.in/images/logo.jpg]
[godrej-plots.in/images/call-back1.png]
[godrej-plots.in/images/whatsapp.png]
[code.jquery.com/jquery-3.3.1.slim.min.js]
[code.jquery.com/jquery-3.3.1.min.js]
[cdnjs.cloudflare.com/ajax/libs/popper.js/1.14.3/umd/popper.min.js]
[godrej-plots.in/js/wow.js]
[godrej-plots.in/js/bootstrap.min.js]
[godrej-plots.in/js/stickyNav.js]
[godrej-plots.in/js/jquery.nicescroll.js]
[godrej-plots.in/js/fancybox-n/jquery.fancybox.min.js]
[godrej-plots.in/index.html]
[godrej-plots.in/css/bootstrap.min.css]
[godrej-plots.in/images/waves.png]
[godrej-plots.in/css/app.css]
[godrej-plots.in/css/animate.css]
[godrej-plots.in/js/fancybox-n/jquery.fancybox.min.css]
[godrej-plots.in/index-2.html]
[godrej-plots.in/images/residences.html]
